// Jest Snapshot v1, https://goo.gl/fbAQLP

exports[`Home page matches snapshot 1`] = `
<DocumentFragment>
  <div
    class="container"
  >
    <main>
      <div
        class="MuiBox-root MuiBox-root-1"
      >
        <div
          class="MuiBox-root MuiBox-root-2"
        >
          <div
            class="MuiPaper-root MuiPaper-elevation1 MuiPaper-rounded"
          >
            <div
              class="MuiBox-root MuiBox-root-3"
            >
              <img
                height="200"
                src="https://dz2l6nhikl0ua.cloudfront.net/assets/cover_image/4801376e-cd1c-11eb-8a0d-022ed69f96e6.jpeg?cb=20210614162451"
                width="200"
              />
              <h6
                class="MuiTypography-root MuiTypography-h6"
              >
                2 Step 1
              </h6>
              <p
                class="MuiTypography-root MuiTypography-body1"
              >
                LF
              </p>
              <div>
                <audio>
                  <source
                    src="https://dz2l6nhikl0ua.cloudfront.net/assets/music_file/44f443f3-cd1c-11eb-8a0d-022ed69f96e6.m4a?cb=20210614162446"
                  />
                  Your browser does not support the audio element.
                </audio>
                <div
                  class="MuiBox-root MuiBox-root-4"
                >
                  <button
                    class="MuiButtonBase-root MuiIconButton-root"
                    tabindex="0"
                    type="button"
                  >
                    <span
                      class="MuiIconButton-label"
                    >
                      <svg
                        aria-hidden="true"
                        class="MuiSvgIcon-root"
                        focusable="false"
                        viewBox="0 0 24 24"
                      >
                        <path
                          d="M8 5v14l11-7z"
                        />
                      </svg>
                    </span>
                    <span
                      class="MuiTouchRipple-root"
                    />
                  </button>
                  <input
                    class="progress"
                    max="55"
                    min="0"
                    step="1"
                    type="range"
                    value="0"
                  />
                </div>
              </div>
            </div>
          </div>
        </div>
        <div
          class="MuiBox-root MuiBox-root-5"
        >
          <div
            class="MuiPaper-root MuiPaper-elevation1 MuiPaper-rounded"
          >
            <div
              class="MuiBox-root MuiBox-root-6"
            >
              <img
                height="200"
                src="https://api-stg.jam-community.com/img/song_default_image.png"
                width="200"
              />
              <h6
                class="MuiTypography-root MuiTypography-h6"
              >
                Lose Control
              </h6>
              <p
                class="MuiTypography-root MuiTypography-body1"
              >
                *                      MrNobody ®
              </p>
            </div>
          </div>
        </div>
        <div
          class="MuiBox-root MuiBox-root-7"
        >
          <div
            class="MuiPaper-root MuiPaper-elevation1 MuiPaper-rounded"
          >
            <div
              class="MuiBox-root MuiBox-root-8"
            >
              <img
                height="200"
                src="https://api-stg.jam-community.com/img/song_default_image.png"
                width="200"
              />
              <h6
                class="MuiTypography-root MuiTypography-h6"
              >
                Disconnected World
              </h6>
              <p
                class="MuiTypography-root MuiTypography-body1"
              >
                MRNOBODY®
              </p>
            </div>
          </div>
        </div>
        <div
          class="MuiBox-root MuiBox-root-9"
        >
          <div
            class="MuiPaper-root MuiPaper-elevation1 MuiPaper-rounded"
          >
            <div
              class="MuiBox-root MuiBox-root-10"
            >
              <img
                height="200"
                src="https://dz2l6nhikl0ua.cloudfront.net/assets/cover_image/3f41907e-71f0-11eb-8a0d-022ed69f96e6.jpeg?cb=20210218145023"
                width="200"
              />
              <h6
                class="MuiTypography-root MuiTypography-h6"
              >
                mix
              </h6>
              <p
                class="MuiTypography-root MuiTypography-body1"
              >
                aarelxuxmn
              </p>
              <div>
                <audio>
                  <source
                    src="https://dz2l6nhikl0ua.cloudfront.net/assets/music_file/3f28ee9e-71f0-11eb-8a0d-022ed69f96e6.m4a?cb=20210218145023"
                  />
                  Your browser does not support the audio element.
                </audio>
                <div
                  class="MuiBox-root MuiBox-root-11"
                >
                  <button
                    class="MuiButtonBase-root MuiIconButton-root"
                    tabindex="0"
                    type="button"
                  >
                    <span
                      class="MuiIconButton-label"
                    >
                      <svg
                        aria-hidden="true"
                        class="MuiSvgIcon-root"
                        focusable="false"
                        viewBox="0 0 24 24"
                      >
                        <path
                          d="M8 5v14l11-7z"
                        />
                      </svg>
                    </span>
                    <span
                      class="MuiTouchRipple-root"
                    />
                  </button>
                  <input
                    class="progress"
                    max="33"
                    min="0"
                    step="1"
                    type="range"
                    value="0"
                  />
                </div>
              </div>
            </div>
          </div>
        </div>
        <div
          class="MuiBox-root MuiBox-root-12"
        >
          <div
            class="MuiPaper-root MuiPaper-elevation1 MuiPaper-rounded"
          >
            <div
              class="MuiBox-root MuiBox-root-13"
            >
              <img
                height="200"
                src="https://api-stg.jam-community.com/img/song_default_image.png"
                width="200"
              />
              <h6
                class="MuiTypography-root MuiTypography-h6"
              >
                Luv Me
              </h6>
              <p
                class="MuiTypography-root MuiTypography-body1"
              >
                MRNOBODY®
              </p>
            </div>
          </div>
        </div>
        <div
          class="MuiBox-root MuiBox-root-14"
        >
          <div
            class="MuiPaper-root MuiPaper-elevation1 MuiPaper-rounded"
          >
            <div
              class="MuiBox-root MuiBox-root-15"
            >
              <img
                height="200"
                src="https://api-stg.jam-community.com/img/song_default_image.png"
                width="200"
              />
              <h6
                class="MuiTypography-root MuiTypography-h6"
              >
                Time Traveller
              </h6>
              <p
                class="MuiTypography-root MuiTypography-body1"
              >
                MRNOBODY®
              </p>
            </div>
          </div>
        </div>
        <div
          class="MuiBox-root MuiBox-root-16"
        >
          <div
            class="MuiPaper-root MuiPaper-elevation1 MuiPaper-rounded"
          >
            <div
              class="MuiBox-root MuiBox-root-17"
            >
              <img
                height="200"
                src="https://api-stg.jam-community.com/img/song_default_image.png"
                width="200"
              />
              <h6
                class="MuiTypography-root MuiTypography-h6"
              >
                Lean On Me
              </h6>
              <p
                class="MuiTypography-root MuiTypography-body1"
              >
                MRNOBODY®
              </p>
            </div>
          </div>
        </div>
        <div
          class="MuiBox-root MuiBox-root-18"
        >
          <div
            class="MuiPaper-root MuiPaper-elevation1 MuiPaper-rounded"
          >
            <div
              class="MuiBox-root MuiBox-root-19"
            >
              <img
                height="200"
                src="https://api-stg.jam-community.com/img/song_default_image.png"
                width="200"
              />
              <h6
                class="MuiTypography-root MuiTypography-h6"
              >
                Wonderland
              </h6>
              <p
                class="MuiTypography-root MuiTypography-body1"
              >
                MRNOBODY®
              </p>
            </div>
          </div>
        </div>
        <div
          class="MuiBox-root MuiBox-root-20"
        >
          <div
            class="MuiPaper-root MuiPaper-elevation1 MuiPaper-rounded"
          >
            <div
              class="MuiBox-root MuiBox-root-21"
            >
              <img
                height="200"
                src="https://api-stg.jam-community.com/img/song_default_image.png"
                width="200"
              />
              <h6
                class="MuiTypography-root MuiTypography-h6"
              >
                World Anthems
              </h6>
              <p
                class="MuiTypography-root MuiTypography-body1"
              >
                *                            MrNobody ®
              </p>
            </div>
          </div>
        </div>
        <div
          class="MuiBox-root MuiBox-root-22"
        >
          <div
            class="MuiPaper-root MuiPaper-elevation1 MuiPaper-rounded"
          >
            <div
              class="MuiBox-root MuiBox-root-23"
            >
              <img
                height="200"
                src="https://api-stg.jam-community.com/img/song_default_image.png"
                width="200"
              />
              <h6
                class="MuiTypography-root MuiTypography-h6"
              >
                Close Tonight
              </h6>
              <p
                class="MuiTypography-root MuiTypography-body1"
              >
                MRNOBODY®
              </p>
            </div>
          </div>
        </div>
      </div>
    </main>
    <footer />
  </div>
</DocumentFragment>
`;
